<?xml version="1.0" encoding="utf-8"?><testsuites><testsuite errors="0" failures="0" hostname="project1" name="pytest" skipped="0" tests="4" time="0.878" timestamp="2021-08-15T17:24:52.950492"><testcase classname="service_1.tests.test_unit_1.TestResponse" name="test_index" time="0.072" /><testcase classname="service_2.tests.test_unit_2.TestResponse" name="test_get_occupation" time="0.039" /><testcase classname="service_3.tests.test_unit_3.TestResponse" name="test_get_species" time="0.020" /><testcase classname="service_4.tests.test_unit_4.TestResponse" name="test_get_occupation" time="0.070" /></testsuite></testsuites>